---
# Source: config-demo/templates/landing-page-cm.yaml
apiVersion: v1
kind: ConfigMap
metadata:
  name: landing-page-configmap
  labels:
    app.kubernetes.io/instance: landing-page
data:
  "index.html": |-
    <!DOCTYPE html>
      <html lang="en">
        <head>
          <meta charset="utf-8">
            <title>Quarkus Coffeeshop Landing Page</title>
        </head>
          <body>
            <h1>
            <a href="http://quarkuscoffeeshop-web-coffeeshop-store.apps.region.example.com">Store Web Page</a>
            </h1>
          </body>
      </html>
---
# Source: config-demo/templates/landing-page-svc.yaml
apiVersion: v1
kind: Service
metadata:
  labels:
    app: landing-page
  name: landing-page
spec:
  ports:
  - name: 8080-tcp
    port: 8080
    protocol: TCP
    targetPort: 8080
  selector:
    app: landing-page
    deploymentconfig: landing-page
  sessionAffinity: None
  type: ClusterIP
---
# Source: config-demo/templates/landing-page-deployment.yaml
apiVersion: apps/v1
kind: Deployment
metadata:
  labels:
    application: landing-page
  name: landing-page
spec:
  replicas: 2
  revisionHistoryLimit: 3
  selector:
    matchLabels:
      deploymentconfig: landing-page
  template:
    metadata:
      creationTimestamp: null
      labels:
        app: landing-page
        deploymentconfig: landing-page
      name: landing-page
    spec:
      containers:
      - name: apache
        image: registry.access.redhat.com/ubi8/httpd-24
        #imagePullPolicy: Always
        ports:
        - containerPort: 8080
          name: http
          protocol: TCP
        volumeMounts:
        - mountPath: /var/www/html
          name: landing-page-configmap
        resources: {}
        terminationMessagePath: /dev/termination-log
        terminationMessagePolicy: File
        livenessProbe:
          httpGet:
            path: /index.html
            port: 8080
            scheme: HTTP
          initialDelaySeconds: 5
          timeoutSeconds: 1
          periodSeconds: 10
          successThreshold: 1
          failureThreshold: 3
        readinessProbe:
          httpGet:
            path: /index.html
            port: 8080
            scheme: HTTP
          initialDelaySeconds: 5
          timeoutSeconds: 1
          periodSeconds: 10
          successThreshold: 1
          failureThreshold: 3
      volumes:
      - name: landing-page-configmap
        configMap:
          defaultMode: 438
          name: landing-page-configmap
---
# Source: config-demo/templates/console-link.yaml
apiVersion: console.openshift.io/v1
kind: ConsoleLink
metadata:
  name: quarkuscoffeeshop-landing-page-link
spec:
  applicationMenu:
    section: Quarkus Coffeeshop Landing Page
    imageURL: data:image/png;base64,AAABAAMAMDAAAAEAIACoJQAANgAAACAgAAABACAAqBAAAN4lAAAQEAAAAQAgAGgEAACGNgAAKAAAADAAAABgAAAAAQAgAAAAAAAAJAAAAAAAAAAAAAAAAAAAAAAAAAAAAAAAAAAAAAAAAAAAAAAAAAAAAAAAAAAAAAAAAAAAAAAAAAAAAAAAAAAAAAAAAAAAAAAAAAAAAAAAAAAAAAAAAAAAAAAAAAAAAAAAAAAAAAAAAAAAAAAAAAAAAAAAAAAAAAAAAAAAAAAAAAAAAAAAAAAAAAAAAAAAAAAAAAAAAAAAAAAAAAAAAAAAAAAAAAAAAAAAAAAAAAAAAAAAAAAAAAAAAAAAAAAAAAAAAAAAAAAAAAAAAAAAAAAAAAAAAAAAAAAAAAAAAAAAAAAAAAAAAAAAAAAAAAAAAAAAAAAAAAAAAAAAAAAAAAAAAAAAAAAAAAAAAAAAAAAAAAAAAAAAAAAAAAAAAAAAAAAAAAAAAAAAAAAAAAAAAAAAAAAAAAAAAAAAAAAAAAAAAAAAAAAAAAAAAAAAAAAAAAAAAAAAAAAAAAAAAAAAAAAAAAAAAAAAAAAAAAAAAAAAAAAAAAAAAAAAAAAAAAAAAAAAAAAAAAAAAAAAAAAAAAAAAAAAAAAAAAAAAAAAAAAAAAAAAAAAAAAAAAAAAAAAAAAAAAAAAAAAAAAAAAAAAAAAAAAAAAAAAAAAAAAAAAAAAAAAAAAAAAAAAAAAAAAAAAAAAAAAAAAAAAAAAAAAAAAAAAAAAAAAAAAAAAAAAAAAAAAAAAAAAAAAAAAAAAAAAAAAAAAAAAAAAAAAAAAAAAAAAAAAAAAAAAAAAAAAAAAAAAAAAAAAAAAAAAAAAAAAAAAAAAAAAAAAAAAAAAAAAAAAAAAAAAAAAAAAAAAAAAAAAAAAAAAAAAAAAAAAAAAAAAAAAAAAAAAAAAAAAAAAAAAAAAAAAAAAAAAAAAAAAAAAAAAAAAAAAAAAAAAAAAAAAAAAAAAAAAAAAAAAAAAAAAAAAAAAAAAAAAAAAAAAAAAAAAAAAAAAAAAAAAAAAAAAAAAAAAAAAAAAAAAAAAAAAAAAAAAAAAAAAAAAAAAAAAAAAAAAAAAAAAAAAAAAAAAAAAAAAAAAAAAAAAAAAAAAAAAAAAAAAAAAAAAAAAAAAAAAAAAAAAAAAAAAAAAAADAuugIoJr8EKCbABCgmwAQoJsAEKCbABCgmwAQoJsAEKCbABCgmwAQoJsAEKCbABCgmwAQoJsAEKCbABCgmwAQoJsAEKCbABCgmwAQoJsAEKCbABCgmwAQoJsAEKCbABCgmwAQoJsAEKCbABCgmwAQoJsAEKCbABCgmwAQoJsAEKCbABC0rvAMAAAAAAAAAAAAAAAAAAAAAAAAAAAAAAAAAAAAAAAAAAAAAAAAAAAAAAAAAACspvwUpJ786KSfAfyknwKYoJsCwKCbAsCgmwLAoJsCwKCbAsCgmwLAoJsCwKCbAsCgmwLAoJsCwKCbAsCgmwLAoJsCwKCbAsCgmwLAoJsCwKCbAsCgmwLAoJsCwKCbAsCgmwLAoJsCwKCbAsCgmwLAoJsCwKCbAsCgmwLAoJsCwKCbAsCgmwLAoJsCwKCbAsCgmwKspJ8CLKSe/TCoovwwAAAAAAAAAAAAAAAAAAAAAAAAAAAAAAAAAAAAAKii/FSgnwI4oJsDuKCbA/ygmwP8oJsD/KCbA/ygmwP8oJsD/KCbA/ygmwP8oJsD/KCbA/ygmwP8oJsD/KCbA/ygmwP8oJsD/KCbA/ygmwP8oJsD/KCbA/ygmwP8oJsD/KCbA/ygmwP8oJsD/KCbA/ygmwP8oJsD/KCbA/ygmwP8oJsD/KCbA/ygmwP8oJsD/KCbA/ygmwP8oJsD/KCbA9igmwK4pJ78pAAAAAAAAAAAAAAAAAAAAAAAAAAApKL8OKCbAoSgmwP4oJsD/KCbA/ygmwP8oJsD/KCbA/ygmwP8oJsD/KCbA/ygmwP8oJsD/KCbA/ygmwP8oJsD/KCbA/ygmwP8oJsD/KCbA/ygmwP8oJsD/KCbA/ygmwP8oJsD/KCbA/ygmwP8oJsD/KCbA/ygmwP8oJsD/KCbA/ygmwP8oJsD/KCbA/ygmwP8oJsD/KCbA/ygmwP8oJsD/KCbA/ygmwP8oJsDHKSe/JAAAAAAAAAAAAAAAAAAAAAApJ8BwKCbA/CgmwP8oJsD/KCbA/ygmwP8oJsD/KCbA/ygmwP8oJsD/KCbA/ygmwP8oJsD/KCbA/ygmwP8oJsD/KCbA/ygmwP8oJsD/KCbA/ygmwP8oJsD/KCbA/ygmwP8oJsD/KCbA/ygmwP8oJsD/KCbA/ygmwP8oJsD/KCbA/ygmwP8oJsD/KCbA/ygmwP8oJsD/KCbA/ygmwP8oJsD/KCbA/ygmwP8oJsD/KCbAoSspvwcAAAAAAAAAACoovxkoJsDNKCbA/ygmwP8oJsD/KCbA/ygmwP8oJsD/KCbA/ygmwP8oJsD/KCbA/ygmwP8oJsD/KCbA/ygmwP8oJsD/KCbA/ygmwP8oJsD/KCbA/ygmwP8oJsD/KCbA/ygmwP8oJsD/KCbA/ygmwP8oJsD/KCbA/ygmwP8oJsD/KCbA/ygmwP8oJsD/KCbA/ygmwP8oJsD/KCbA/ygmwP8oJsD/KCbA/ygmwP8oJsD/KCbA7SknvzcAAAAAAAAAACknv0IoJsDxKCbA/ygmwP8oJsD/KCbA/ygmwP8oJsD/KCbA/ygmwP8oJsD/KCbA/ygmwP8oJsD/KCbA/ygmwP8oJsD/KCbA/ygmwP8oJsD/KCbA/ygmwP8oJsD/KCbA/ygmwP8oJsD/KCbA/ygmwP8oJsD/KCbA/ygmwP8oJsD/KCbA/ygmwP8oJsD/KCbA/ygmwP8oJsD/KCbA/ygmwP8oJsD/KCbA/ygmwP8oJsD/KCbA/yknwGwAAAAAAAAAACknwDooJsCjKCbAqCgmwKgoJsCoKCbAqCgmwKgoJsCoKCbAqCgmwKgoJsCoKCbAqCgmwKgoJsCoKCbAqCgmwKgoJsCoKCbAqCgmwKgoJsCoKCbAqCgmwKgoJsCoKCbAqCgmwKgoJsCoKCbAqCgmwKgoJsCoKCbAqCgmwKgoJsCoKCbAqCgmwKgoJsCoKCbAqCgmwKgoJsCoKCbAqCgmwKgoJsCoKCbAqCgmwKgoJsCoKCbAqiknwFUAAAAAAAAAAC0rvgEpJ8ACKCbAASgmwAEoJsABKCbAASgmwAEoJsABKCbAASgmwAEoJsABKCbAASgmwAEoJsABKCbAASgmwAEoJsABKCbAASgmwAEoJsABKCbAASgmwAEoJsABKCbAASgmwAEoJsABKCbAASgmwAEoJsABKCbAASgmwAEoJsABKCbAASgmwAEoJsABKCbAASgmwAEoJsABKCbAASgmwAEoJsABKCbAASgmwAEoJsABKCbAAiwqvgEAAAAAAAAAAAAAAAAAAAAAAAAAAAAAAAAAAAAAAAAAAAAAAAAAAAAAAAAAAAAAAAAAAAAAAAAAAAAAAAAAAAAAAAAAAAAAAAAAAAAAAAAAAAAAAAAAAAAAAAAAAAAAAAAAAAAAAAAAAAAAAAAAAAAAAAAAAAAAAAAAAAAAAAAAAAAAAAAAAAAAAAAAAAAAAAAAAAAAAAAAAAAAAAAAAAAAAAAAAAAAAAAAAAAAAAAAAAAAAAAAAAAAAAAAAAAAAAAAAAAAAAAAAAAAAAAAAAAAAAAAAAAAAAAAAAAAAAAAAAAAAAAAAAAAAAAAAAAAAAArKr4FKii+ICknvzEoJsAxKCbAMSgmwDEoJsAxKCbAMSgmwDEoJsAxKCbAMSgmwDEoJsAxKCbAMSgmwDEoJsAxKCbAMSgmwDEoJsAxKCbAMSgmvzEqKL4hKym+BQAAAAAAAAAAAAAAAAAAAAAAAAAAAAAAAAAAAAAAAAAAAAAAAAAAAAAAAAAAAAAAAAAAAAAAAAAAAAAAAAAAAAAAAAAAAAAAAAAAAAAAAAAAAAAAAAAAAAAAAAAAAAAAACknvzQpJ8CgKCbA3ygmwO8oJsDvKCbA7ygmwO8oJsDvKCbA7ygmwO8oJsDvKCbA7ygmwO8oJsDvKCbA7ygmwO8oJsDvKCbA7ygmwO8oJsDvKCbA7ygmwO8oJsDgKSfAoyknvzgAAAAAAAAAAAAAAAAAAAAAAAAAAAAAAAAAAAAAAAAAAAAAAAAAAAAAAAAAAAAAAAAAAAAAAAAAAAAAAAAAAAAAAAAAAAAAAAAAAAAAAAAAAAAAAAAAAAAAKSfASSgmwN8oJsD/KCbA/ygmwP8oJsD/KCbA/ygmwP8oJsD/KCbA/ygmwP8oJsD/KCbA/ygmwP8oJsD/KCbA/ygmwP8oJsD/KCbA/ygmwP8oJsD/KCbA/ygmwP8oJsD/KCbA/ygmwOIpJ8BPAAAAAAAAAAAAAAAAAAAAAAAAAAAAAAAAAAAAAAAAAAAAAAAAAAAAAAAAAAAAAAAAAAAAAAAAAAAAAAAAAAAAAAAAAAAAAAAAAAAAAAAAAAApJ78lKCbA1SgmwP8oJsD/KCbA/ygmwP8oJsD/KCbA/ygmwP8oJsD/KCbA/ygmwP8oJsD/KCbA/ygmwP8oJsD/KCbA/ygmwP8oJsD/KCbA/ygmwP8oJsD/KCbA/ygmwP8oJsD/KCbA/ygmwP8oJsDaKSe/KwAAAAAAAAAAAAAAAAAAAAAAAAAAAAAAAAAAAAAAAAAAAAAAAAAAAAAAAAAAAAAAAAAAAAAAAAAAAAAAAAAAAAAAAAAAAAAAAAAAAAApJ79/KCbA/ygmwP8oJsD/KCbA/ygmwP8oJsD/KCbA/ygmwP8oJsD/KCbA/ygmwP8oJsD/KCbA/ygmwP8oJsD/KCbA/ygmwP8oJsD/KCbA/ygmwP8oJsD/KCbA/ygmwP8oJsD/KCbA/ygmwP8oJsD/KSe/iAAAAAAAAAAAAAAAAAAAAAAAAAAAAAAAAAAAAAAAAAAAAAAAAAAAAAAAAAAAAAAAAAAAAAAAAAAAAAAAAAAAAAAAAAAAAAAAACoovwgoJsC8KCbA/ygmwP8oJsD/KCbA/ygmwP8oJsD/KCbA/ygmwP8oJsD/KCbA/ygmwP8oJsD/KCbA/ygmwP8oJsD/KCbA/ygmwP8oJsD/KCbA/ygmwP8oJsD/KCbA/ygmwP8oJsD/KCbA/ygmwP8oJsD/KCbAwyoovwwAAAAAAAAAAAAAAAAAAAAAAAAAAAAAAAAAAAAAAAAAAAAAAAAAAAAAAAAAAAAAAAAAAAAAAAAAAAAAAAAAAAAAAAAAAC0rvhMpJ8DRKCbA/ygmwP8oJsD/KCbA/ygmwP8oJsD/KCbA/ygmwP8oJsD/KCbA/ygmwP8oJsD/KCbA/ygmwP8oJsD/KCbA/ygmwP8oJsD/KCbA/ygmwP8oJsD/KCbA/ygmwP8oJsD/KCbA/ygmwP8oJsD/KSfA2CsqvxslI8ECLSu7AwAAAAAAAAAAAAAAAAAAAAAAAAAAAAAAAAAAAAAAAAAAAAAAAAAAAAAAAAAAAAAAAAAAAAAAAAAAAAAAAC0rvRYpJ8DVKCbA/ygmwP8oJsD/KCbA/ygmwP8oJsD/KCbA/ygmwP8oJsD/KCbA/ygmwP8oJsD/KCbA/ygmwP8oJsD/KCbA/ygmwP8oJsD/KCbA/ygmwP8oJsD/KCbA/ygmwP8oJsD/KCbA/ygmwP8oJsD/KCbA9CgmwLgoJsCwKCbAqiknwIcpJ79RKSe/FQAAAAAAAAAAAAAAAAAAAAAAAAAAAAAAAAAAAAAAAAAAAAAAAAAAAAAAAAAAAAAAAC0rvhYpJ8DVKCbA/ygmwP8oJsD/KCbA/ygmwP8oJsD/KCbA/ygmwP8oJsD/KCbA/ygmwP8oJsD/KCbA/ygmwP8oJsD/KCbA/ygmwP8oJsD/KCbA/ygmwP8oJsD/KCbA/ygmwP8oJsD/KCbA/ygmwP8oJsD/KCbA/ygmwP8oJsD/KCbA/ygmwP8oJsD6KCbAyyknv2AqKL8KAAAAAAAAAAAAAAAAAAAAAAAAAAAAAAAAAAAAAAAAAAAAAAAAAAAAAC0rvhYpJ8DVKCbA/ygmwP8oJsD/KCbA/ygmwP8oJsD/KCbA/ygmwP8oJsD/KCbA/ygmwP8oJsD/KCbA/ygmwP8oJsD/KCbA/ygmwP8oJsD/KCbA/ygmwP8oJsD/KCbA/ygmwP8oJsD/KCbA/ygmwP8oJsD/KCbA/ygmwP8oJsD/KCbA/ygmwP8oJsD/KCbA/ygmwPgpJ8CcKSe+FgAAAAAAAAAAAAAAAAAAAAAAAAAAAAAAAAAAAAAAAAAAAAAAAC0rvRYpJ8DVKCbA/ygmwP8oJsD/KCbA/ygmwP8oJsD/KCbA/ygmwP8oJsD/KCbA/ygmwP8oJsD/KCbA/ygmwP8oJsD/KCbA/ygmwP8oJsD/KCbA/ygmwP8oJsD/KCbA/ygmwP8oJsD/KCbA/ygmwP8oJsD/KCbA/ygmwP8oJsD/KCbA/ygmwP8oJsD/KCbA/ygmwP8oJsD+KCa/pCoovhAAAAAAAAAAAAAAAAAAAAAAAAAAAAAAAAAAAAAAAAAAAC0rvRYpJ8DVKCbA/ygmwP8oJsD/KCbA/ygmwP8oJsD/KCbA/ygmwP8oJsD/KCbA/ygmwP8oJsD/KCbA/ygmwP8oJsD/KCbA/ygmwP8oJsD/KCbA/ygmwP8oJsD/KCbA/ygmwP8oJsD/KCbA/ygmwP8oJsD/KCbA/CgmwO0oJsDtKCbA9ygmwP8oJsD/KCbA/ygmwP8oJsD/KCbA/CknwHw0MrgBAAAAAAAAAAAAAAAAAAAAAAAAAAAAAAAAAAAAAC0rvhYpJ8DVKCbA/ygmwP8oJsD/KCbA/ygmwP8oJsD/KCbA/ygmwP8oJsD/KCbA/ygmwP8oJsD/KCbA/ygmwP8oJsD/KCbA/ygmwP8oJsD/KCbA/ygmwP8oJsD/KCbA/ygmwP8oJsD/KCbA/ygmwP8oJsD/KSfA4Soov0ApJ8AtKii/Riknv4ooJsDoKCbA/ygmwP8oJsD/KCbA/ygmwOUpJ78yAAAAAAAAAAAAAAAAAAAAAAAAAAAAAAAAAAAAAC0rvhYpJ8DVKCbA/ygmwP8oJsD/KCbA/ygmwP8oJsD/KCbA/ygmwP8oJsD/KCbA/ygmwP8oJsD/KCbA/ygmwP8oJsD/KCbA/ygmwP8oJsD/KCbA/ygmwP8oJsD/KCbA/ygmwP8oJsD/KCbA/ygmwP8oJsD/KSfA2y0rvRsAAAAAAAAAADEvuwEpJ79GKCbA3igmwP8oJsD/KCbA/ygmwP8pJ8CIAAAAAAAAAAAAAAAAAAAAAAAAAAAAAAAAAAAAAC0rvRYpJ8DVKCbA/ygmwP8oJsD/KCbA/ygmwP8oJsD/KCbA/ygmwP8oJsD/KCbA/ygmwP8oJsD/KCbA/ygmwP8oJsD/KCbA/ygmwP8oJsD/KCbA/ygmwP8oJsD/KCbA/ygmwP8oJsD/KCbA/ygmwP8oJsD/KSfA2y0rvRsAAAAAAAAAAAAAAAAAAAAAKSe/YygmwPooJsD/KCbA/ygmwP8oJsDGKym+EgAAAAAAAAAAAAAAAAAAAAAAAAAAAAAAAC0rvRYpJ8DVKCbA/ygmwP8oJsD/KCbA/ygmwP8oJsD/KCbA/ygmwP8oJsD/KCbA/ygmwP8oJsD/KCbA/ygmwP8oJsD/KCbA/ygmwP8oJsD/KCbA/ygmwP8oJsD/KCbA/ygmwP8oJsD/KCbA/ygmwP8oJsD/KSfA2y0rvRsAAAAAAAAAAAAAAAAAAAAAKii+GCgmwNQoJsD/KCbA/ygmwP8oJsDjKSe/KQAAAAAAAAAAAAAAAAAAAAAAAAAAAAAAAC0rvRYpJ8DVKCbA/ygmwP8oJsD/KCbA/ygmwP8oJsD/KCbA/ygmwP8oJsD/KCbA/ygmwP8oJsD/KCbA/ygmwP8oJsD/KCbA/ygmwP8oJsD/KCbA/ygmwP8oJsD/KCbA/ygmwP8oJsD/KCbA/ygmwP8oJsD/KSfA2y0rvRsAAAAAAAAAAAAAAAAAAAAALCq8Biknv7coJsD/KCbA/ygmwP8oJsDuKym/PQAAAAAAAAAAAAAAAAAAAAAAAAAAAAAAAC0rvhYpJ8DVKCbA/ygmwP8oJsD/KCbA/ygmwP8oJsD/KCbA/ygmwP8oJsD/KCbA/ygmwP8oJsD/KCbA/ygmwP8oJsD/KCbA/ygmwP8oJsD/KCbA/ygmwP8oJsD/KCbA/ygmwP8oJsD/KCbA/ygmwP8oJsD/KSfA2y0rvRsAAAAAAAAAAAAAAAAAAAAAKym9BygmwLkoJsD/KCbA/ygmwP8oJsDsKii/OQAAAAAAAAAAAAAAAAAAAAAAAAAAAAAAAC0rvhYpJ8DVKCbA/ygmwP8oJsD/KCbA/ygmwP8oJsD/KCbA/ygmwP8oJsD/KCbA/ygmwP8oJsD/KCbA/ygmwP8oJsD/KCbA/ygmwP8oJsD/KCbA/ygmwP8oJsD/KCbA/ygmwP8oJsD/KCbA/ygmwP8oJsD/KSfA2y0rvRsAAAAAAAAAAAAAAAAAAAAAKSe/IigmwN4oJsD/KCbA/ygmwP8oJsDfKii/JAAAAAAAAAAAAAAAAAAAAAAAAAAAAAAAAC0rvRYpJ8DVKCbA/ygmwP8oJsD/KCbA/ygmwP8oJsD/KCbA/ygmwP8oJsD/KCbA/ygmwP8oJsD/KCbA/ygmwP8oJsD/KCbA/ygmwP8oJsD/KCbA/ygmwP8oJsD/KCbA/ygmwP8oJsD/KCbA/ygmwP8oJsD/KSfA2y0rvRsAAAAAAAAAAAAAAAAuLLoCKSfAgSgmwP4oJsD/KCbA/ygmwP8oJsC7LCq+DAAAAAAAAAAAAAAAAAAAAAAAAAAAAAAAAC0rvRYpJ8DVKCbA/ygmwP8oJsD/KCbA/ygmwP8oJsD/KCbA/ygmwP8oJsD/KCbA/ygmwP8oJsD/KCbA/ygmwP8oJsD/KCbA/ygmwP8oJsD/KCbA/ygmwP8oJsD/KCbA/ygmwP8oJsD/KCbA/ygmwP8oJsD/KSfA2y0rvRsAAAAAAAAAACspvgspJ79uKCbA8CgmwP8oJsD/KCbA/ygmwP8pJ792AAAAAAAAAAAAAAAAAAAAAAAAAAAAAAAAAAAAAC0rvRYpJ8DVKCbA/ygmwP8oJsD/KCbA/ygmwP8oJsD/KCbA/ygmwP8oJsD/KCbA/ygmwP8oJsD/KCbA/ygmwP8oJsD/KCbA/ygmwP8oJsD/KCbA/ygmwP8oJsD/KCbA/ygmwP8oJsD/KCbA/ygmwP8oJsD/KSfA5yknwGkoJsBYKSe/diknwLooJsD3KCbA/ygmwP8oJsD/KCbA/ygmwNcqKL8iAAAAAAAAAAAAAAAAAAAAAAAAAAAAAAAAAAAAAC0rvRYpJ8DVKCbA/ygmwP8oJsD/KCbA/ygmwP8oJsD/KCbA/ygmwP8oJsD/KCbA/ygmwP8oJsD/KCbA/ygmwP8oJsD/KCbA/ygmwP8oJsD/KCbA/ygmwP8oJsD/KCbA/ygmwP8oJsD/KCbA/ygmwP8oJsD/KCbA/ygmwP4oJsD+KCbA/ygmwP8oJsD/KCbA/ygmwP8oJsD/KCbA9Sknv2EAAAAAAAAAAAAAAAAAAAAAAAAAAAAAAAAAAAAAAAAAAC0rvRYpJ8DVKCbA/ygmwP8oJsD/KCbA/ygmwP8oJsD/KCbA/ygmwP8oJsD/KCbA/ygmwP8oJsD/KCbA/ygmwP8oJsD/KCbA/ygmwP8oJsD/KCbA/ygmwP8oJsD/KCbA/ygmwP8oJsD/KCbA/ygmwP8oJsD/KCbA/ygmwP8oJsD/KCbA/ygmwP8oJsD/KCbA/ygmwP8oJsD2KCa/fSspvgYAAAAAAAAAAAAAAAAAAAAAAAAAAAAAAAAAAAAAAAAAAC0rvhQpJ8DTKCbA/ygmwP8oJsD/KCbA/ygmwP8oJsD/KCbA/ygmwP8oJsD/KCbA/ygmwP8oJsD/KCbA/ygmwP8oJsD/KCbA/ygmwP8oJsD/KCbA/ygmwP8oJsD/KCbA/ygmwP8oJsD/KCbA/ygmwP8oJsD/KCbA/ygmwP8oJsD/KCbA/ygmwP8oJsD/KCbA/ygmwOYpJ8BtKym+BwAAAAAAAAAAAAAAAAAAAAAAAAAAAAAAAAAAAAAAAAAAAAAAACwqvgYpJ8CmKCbA/ygmwP8oJsD/KCbA/ygmwP8oJsD/KCbA/ygmwP8oJsD/KCbA/ygmwP8oJsD/KCbA/ygmwP8oJsD/KCbA/ygmwP8oJsD/KCbA/ygmwP8oJsD/KCbA/ygmwP8oJsD/KCbA/ygmwP8oJsD/KCbA/ygmwP8oJsD/KCbA/ygmwPwoJsDkKSfAnCknvzUsK70CAAAAAAAAAAAAAAAAAAAAAAAAAAAAAAAAAAAAAAAAAAAAAAAAAAAAAAAAAAApJ78gKSfAbygmwHwoJsB7KCbAeygmwHsoJsB7KCbAeygmwHsoJsB7KCbAeygmwHsoJsB7KCbAeygmwHsoJsB7KCbAeygmwHsoJsB7KCbAeygmwHsoJsB7KCbAeygmwHsoJsB7KCbAeygmwHsoJsB7KCbAeygmwHsoJsB7KSe/diknv1cqKL8oLCu+BQAAAAAAAAAAAAAAAAAAAAAAAAAAAAAAAAAAAAAAAAAAAAAAAAAAAAAAAAAAAAAAAAAAAAAAAAAAAAAAAAAAAAAAAAAAAAAAAAAAAAAAAAAAAAAAAAAAAAAAAAAAAAAAAAAAAAAAAAAAAAAAAAAAAAAAAAAAAAAAAAAAAAAAAAAAAAAAAAAAAAAAAAAAAAAAAAAAAAAAAAAAAAAAAAAAAAAAAAAAAAAAAAAAAAAAAAAAAAAAAAAAAAAAAAAAAAAAAAAAAAAAAAAAAAAAAAAAAAAAAAAAAAAAAAAAAAAAAAAAAAAAAAAAAAAAAAAAAAAAAAAAAAAAAAAAAAAAAAAAAAAAAAAAAAAAAAAAAAAAAAAAAAAAAAAAAAAAAAAAAAAAAAAAAAAAAAAAAAAAAAAAAAAAAAAAAAAAAAAAAAAAAAAAAAAAAAAAAAAAAAAAAAAAAAAAAAAAAAAAAAAAAAAAAAAAAAAAAAAAAAAAAAAAAAAAAAAAAAAAAAAAAAAAAAAAAAAAAAAAAAAAAAAAAAAAAAAAAAAAAAAAAAAAAAAAAAAAAAAAAAAAAAAAAAAAAAAAAAAAAAAAAAAAAAAAAAAAAAAAAAAAAAAAAAAAAAAAAAAAAAAAAAAAAAAAAAAAAAAAAAAAAAAAAAAAAAAAAAAAAAAAAAAAAAAAAAAAAAAAAAAAAAAAAAAAAAAAAAAAAAAAAAAAAAAAAAAAAAAAAAAAAAAAAAAAAAAAAAAAAAAAAAAAAAAAAAAAAAAAAAAAAAAAAAAAAAAAAAAAAAAAAAAAAAAAAAAAAAAAAAAAAAAAAAAAAAAAAAAAAAAAAAAAAAAAAAAAAAAAAAAAAAAAAAAAAAAAAAAAAAAAAAAAAAAAAAAAAAAAAAAAAAAAAAAAAAAAAAAAAAAAAAAAAAAAAAAAAAAAAAAAAAAAAAAAAAAAAAAAAAAAAAAAAAAAAAAAAAAAAAAAAAAAAAAAAAAAAAAAAAAAAAAAAAAAAAAAAAAAAAAAAAAAAAAAAAAAAAAAAAAAAAAAAAAAAAAAAAAAAAAAAAAAAAAAAAAAAAAAAAAAAAAAAAAAAAAAAAAAAAAAAAAAAAAAAAAAAAAAAAAAAAAAAAAAAAAAAAAAAAAAAAAAAAAAAAAAAAAAAAAAAAAAAAAAAAAAAAAAAAAAAAAAAAAAAAAAAAAAAAAAAAAAAAAAAAAAAAAAAAAAAAAAAAAAAAAAAAAAAAAAAAAAAAAAAAAAAAAAAAAAAAAAAAAAAAAAAAAAAAAAAAAAAAAAAAAAAAAAAAAAAAAAAAAAAAAAAAAAAAAAAAAAAAAAAAAAAAAAAAAAAAAAAAAAAAAAAAAAAAAAAAAAAAAAAAAAAAAAAAAAAAAAAAAAAAAAAAAAAAAAAAAAAAAAAAAAAAAAAAAAAAAAAAAAAAAAAAAAAAAAAAAAAAAAAAAAAAAAAAAAAAAAAAAAAAAAAAAAAAAAAAAAAAAAAAAAAAAAAAAAAAAAAAAAAAAAAAAAAAAAAAAAAAAAAAAAAAAAAAAAAAAAAAAAAAAAAAAAAAAAAAAAAAAAAAAAAAAAAAAAAAAAAAAAAAAAAAAAAAAAAAAAAAAAAAAAAAAAAAAAAAAAAAAAAAAAAAAAAAAAAAAAAAAAAAAAAAAAAAAAAAAAAAAAAAAAAAAAAAAAAAAAAAAAAAAAAAAAAAAAAAAAAAAAAAAAAAAAAAAAAAAAAAAAAAAAAAAAAAAAAAAAAAAAAAAAAAAAAAAAAAAAAAAAAAAAAAAAAAAAAAAAAAAAAAAAAAAAAAAAAAAAAAAAAAAAAAAAAAAAAAAAAAAAAAAAAAAAAAAAAP///////wAA////////AAD///////8AAP///////wAA////////AAD8AAAAAH8AAOAAAAAAHwAAwAAAAAAPAADAAAAAAAcAAIAAAAAABwAAgAAAAAAHAACAAAAAAAcAAP///////wAA////////AAD///////8AAP/AAAB//wAA/4AAAD//AAD/AAAAH/8AAP8AAAAP/wAA/gAAAA//AAD+AAAAD/8AAP4AAAAA/wAA/gAAAAA/AAD+AAAAAA8AAP4AAAAABwAA/gAAAAAHAAD+AAAADgMAAP4AAAAPgQAA/gAAAA/BAAD+AAAAD8EAAP4AAAAPwQAA/gAAAA/BAAD+AAAAD8EAAP4AAAAPgQAA/gAAAA+DAAD+AAAADgMAAP4AAAAABwAA/gAAAAAPAAD+AAAAAB8AAP4AAAAAPwAA////////AAD///////8AAP///////wAA////////AAD///////8AAP///////wAA////////AAD///////8AACgAAAAgAAAAQAAAAAEAIAAAAAAAABAAAAAAAAAAAAAAAAAAAAAAAAAAAAAAAAAAAAAAAAAAAAAAAAAAAAAAAAAAAAAAAAAAAAAAAAAAAAAAAAAAAAAAAAAAAAAAAAAAAAAAAAAAAAAAAAAAAAAAAAAAAAAAAAAAAAAAAAAAAAAAAAAAAAAAAAAAAAAAAAAAAAAAAAAAAAAAAAAAAAAAAAAAAAAAAAAAAAAAAAAAAAAAAAAAAAAAAAAAAAAAAAAAAAAAAAAAAAAAAAAAAAAAAAAAAAAAAAAAAAAAAAAAAAAAAAAAAAAAAAAAAAAAAAAAAAAAAAAAAAAAAAAAAAAAAAAAAAAAAAAAAAAAAAAAAAAAAAAAAAAAAAAAAAAAAAAAAAAAAAAAAAAAAAAAAAAAAAAAAAAAAAAAAAAAAAAAAAAAAAAAAAAAAAAAAAAAAAAAAAAAAAAAAAAAAAAAAAAAAAAAAAAAAAAAAAAAAAAAAAAAAAAAAAAAAAAAAAAAAAAAAAAAAAAAAAAAAAAAAAAAAAAAAAAAAAAAAAAAAAAAAAAAAAAAAAAAAAAAAAAAAAAAACknvxMpJ8BPKCbAdigmwHsoJsB7KCbAeygmwHsoJsB7KCbAeygmwHsoJsB7KCbAeygmwHsoJsB7KCbAeygmwHsoJsB7KCbAeygmwHsoJsB7KCbAeygmwHsoJsB7KCbAeygmwHIpJ8BFKii/CwAAAAAAAAAAAAAAAAAAAAApJ8AtKCbAuygmwPooJsD/KCbA/ygmwP8oJsD/KCbA/ygmwP8oJsD/KCbA/ygmwP8oJsD/KCbA/ygmwP8oJsD/KCbA/ygmwP8oJsD/KCbA/ygmwP8oJsD/KCbA/ygmwP8oJsD/KCbA/ygmwPYoJsClKSfAGwAAAAAAAAAAKSe/FygmwLwoJsD/KCbA/ygmwP8oJsD/KCbA/ygmwP8oJsD/KCbA/ygmwP8oJsD/KCbA/ygmwP8oJsD/KCbA/ygmwP8oJsD/KCbA/ygmwP8oJsD/KCbA/ygmwP8oJsD/KCbA/ygmwP8oJsD/KCbA/ygmwP8oJsCeKii/BwAAAAApJ8BlKCbA+SgmwP8oJsD/KCbA/ygmwP8oJsD/KCbA/ygmwP8oJsD/KCbA/ygmwP8oJsD/KCbA/ygmwP8oJsD/KCbA/ygmwP8oJsD/KCbA/ygmwP8oJsD/KCbA/ygmwP8oJsD/KCbA/ygmwP8oJsD/KCbA/ygmwO8pJ783AAAAACgmwGooJsC+KCbAvSgmwL0oJsC9KCbAvSgmwL0oJsC9KCbAvSgmwL0oJsC9KCbAvSgmwL0oJsC9KCbAvSgmwL0oJsC9KCbAvSgmwL0oJsC9KCbAvSgmwL0oJsC9KCbAvSgmwL0oJsC9KCbAvSgmwL0oJsC9KCbAvCknwEAAAAAAKSfABSgmwAgoJsAIKCbACCgmwAgoJsAIKCbACCgmwAcoJsAFKCbABSgmwAUoJsAFKCbABSgmwAUoJsAFKCbABSgmwAUoJsAFKCbABSgmwAUoJsAGKCbABygmwAgoJsAIKCbACCgmwAgoJsAIKCbACCgmwAgoJsAIKii/AwAAAAAAAAAAAAAAAAAAAAAAAAAAAAAAAAAAAAArKb4CKSi/GCgmwCooJsAqKCbAKigmwCooJsAqKCbAKigmwCooJsAqKCbAKigmwCooJsAqKCbAKiknvygqKL8PAAAAAAAAAAAAAAAAAAAAAAAAAAAAAAAAAAAAAAAAAAAAAAAAAAAAAAAAAAAAAAAAAAAAAAAAAAAAAAAAKSfADigmwHwoJsDXKCbA6igmwOooJsDqKCbA6igmwOooJsDqKCbA6igmwOooJsDqKCbA6igmwOooJsDqKCbA6SgmwMQoJsBTKSfAAgAAAAAAAAAAAAAAAAAAAAAAAAAAAAAAAAAAAAAAAAAAAAAAAAAAAAAAAAAAAAAAACspvQIoJsCFKCbA/CgmwP8oJsD/KCbA/ygmwP8oJsD/KCbA/ygmwP8oJsD/KCbA/ygmwP8oJsD/KCbA/ygmwP8oJsD/KCbA/ygmwOspJ8BLAAAAAAAAAAAAAAAAAAAAAAAAAAAAAAAAAAAAAAAAAAAAAAAAAAAAAAAAAAAAAAAAKSe/KCgmwOMoJsD/KCbA/ygmwP8oJsD/KCbA/ygmwP8oJsD/KCbA/ygmwP8oJsD/KCbA/ygmwP8oJsD/KCbA/ygmwP8oJsD/KCbA/ygmwLIqKL8HAAAAAAAAAAAAAAAAAAAAAAAAAAAAAAAAAAAAAAAAAAAAAAAAAAAAAAAAAAApJ79JKCbA+SgmwP8oJsD/KCbA/ygmwP8oJsD/KCbA/ygmwP8oJsD/KCbA/ygmwP8oJsD/KCbA/ygmwP8oJsD/KCbA/ygmwP8oJsD/KCbA2SkovyEpJ78ILCq9AgAAAAAAAAAAAAAAAAAAAAAAAAAAAAAAAAAAAAAAAAAAAAAAACoov1AoJsD7KCbA/ygmwP8oJsD/KCbA/ygmwP8oJsD/KCbA/ygmwP8oJsD/KCbA/ygmwP8oJsD/KCbA/ygmwP8oJsD/KCbA/ygmwP8oJsD3KCbAySgmwL8oJsChKCfAWiknvxAAAAAAAAAAAAAAAAAAAAAAAAAAAAAAAAAAAAAAKii/UCgmwPsoJsD/KCbA/ygmwP8oJsD/KCbA/ygmwP8oJsD/KCbA/ygmwP8oJsD/KCbA/ygmwP8oJsD/KCbA/ygmwP8oJsD/KCbA/ygmwP8oJsD/KCbA/ygmwP8oJsD6KCbAtiknvy0AAAAAAAAAAAAAAAAAAAAAAAAAAAAAAAAqKL9QKCbA+ygmwP8oJsD/KCbA/ygmwP8oJsD/KCbA/ygmwP8oJsD/KCbA/ygmwP8oJsD/KCbA/ygmwP8oJsD/KCbA/ygmwP8oJsD/KCbA/ygmwP8oJsD/KCbA/ygmwP8oJsD/KCbAySknvyQAAAAAAAAAAAAAAAAAAAAAAAAAACoov1AoJsD7KCbA/ygmwP8oJsD/KCbA/ygmwP8oJsD/KCbA/ygmwP8oJsD/KCbA/ygmwP8oJsD/KCbA/ygmwP8oJsD/KCbA/ygmwP8oJsDrKSfAdyknwHcoJsC7KCbA+igmwP8oJsD/KCbAmCspvwUAAAAAAAAAAAAAAAAAAAAAKii/UCgmwPsoJsD/KCbA/ygmwP8oJsD/KCbA/ygmwP8oJsD/KCbA/ygmwP8oJsD/KCbA/ygmwP8oJsD/KCbA/ygmwP8oJsD/KCbA/yknwN0sKr4cAAAAACoovw8oJsCWKCbA/ygmwP8oJsDmKSe/MwAAAAAAAAAAAAAAAAAAAAAqKL9QKCbA+ygmwP8oJsD/KCbA/ygmwP8oJsD/KCbA/ygmwP8oJsD/KCbA/ygmwP8oJsD/KCbA/ygmwP8oJsD/KCbA/ygmwP8oJsD/KSfA3SwqvhwAAAAAAAAAACknvyUoJsDgKCbA/ygmwPspJ8BmAAAAAAAAAAAAAAAAAAAAACoov1AoJsD7KCbA/ygmwP8oJsD/KCbA/ygmwP8oJsD/KCbA/ygmwP8oJsD/KCbA/ygmwP8oJsD/KCbA/ygmwP8oJsD/KCbA/ygmwP8pJ8DdLCq+HAAAAAAAAAAAKii+DSgmwMcoJsD/KCbA/yknwH0AAAAAAAAAAAAAAAAAAAAAKii/UCgmwPsoJsD/KCbA/ygmwP8oJsD/KCbA/ygmwP8oJsD/KCbA/ygmwP8oJsD/KCbA/ygmwP8oJsD/KCbA/ygmwP8oJsD/KCbA/yknwN0sKr4cAAAAAAAAAAApJ78cKCbA2SgmwP8oJsD9KSfAbQAAAAAAAAAAAAAAAAAAAAAqKL9QKCbA+ygmwP8oJsD/KCbA/ygmwP8oJsD/KCbA/ygmwP8oJsD/KCbA/ygmwP8oJsD/KCbA/ygmwP8oJsD/KCbA/ygmwP8oJsD/KSfA3SwqvhwAAAAAKym9BCgmwHwoJsD8KCbA/ygmwOwpJ78+AAAAAAAAAAAAAAAAAAAAACoov1AoJsD7KCbA/ygmwP8oJsD/KCbA/ygmwP8oJsD/KCbA/ygmwP8oJsD/KCbA/ygmwP8oJsD/KCbA/ygmwP8oJsD/KCbA/ygmwP8oJsDmKSfAViknwE4oJsCZKCbA8ygmwP8oJsD/KCbArSoovwsAAAAAAAAAAAAAAAAAAAAAKii/UCgmwPsoJsD/KCbA/ygmwP8oJsD/KCbA/ygmwP8oJsD/KCbA/ygmwP8oJsD/KCbA/ygmwP8oJsD/KCbA/ygmwP8oJsD/KCbA/ygmwP4oJsD4KCbA+igmwP8oJsD/KCbA/ygmwN4pJ783AAAAAAAAAAAAAAAAAAAAAAAAAAAqKL9OKCbA+ygmwP8oJsD/KCbA/ygmwP8oJsD/KCbA/ygmwP8oJsD/KCbA/ygmwP8oJsD/KCbA/ygmwP8oJsD/KCbA/ygmwP8oJsD/KCbA/ygmwP8oJsD/KCbA/ygmwP8oJsDSKSe/RAAAAAAAAAAAAAAAAAAAAAAAAAAAAAAAACknvycoJsDEKCbA4CgmwN8oJsDfKCbA3ygmwN8oJsDfKCbA3ygmwN8oJsDfKCbA3ygmwN8oJsDfKCbA3ygmwN8oJsDfKCbA3ygmwN8oJsDfKCbA3ygmwN0oJsDFKSfAfiknvyEAAAAAAAAAAAAAAAAAAAAAAAAAAAAAAAAAAAAALSu9ASknvxMoJsAdKCbAHSgmwB0oJsAdKCbAHSgmwB0oJsAdKCbAHSgmwB0oJsAdKCbAHSgmwB0oJsAdKCbAHSgmwB0oJsAdKCbAHSgmwB0oJsAdKSe/Gyoovw0tLLwBAAAAAAAAAAAAAAAAAAAAAAAAAAAAAAAAAAAAAAAAAAAAAAAAAAAAAAAAAAAAAAAAAAAAAAAAAAAAAAAAAAAAAAAAAAAAAAAAAAAAAAAAAAAAAAAAAAAAAAAAAAAAAAAAAAAAAAAAAAAAAAAAAAAAAAAAAAAAAAAAAAAAAAAAAAAAAAAAAAAAAAAAAAAAAAAAAAAAAAAAAAAAAAAAAAAAAAAAAAAAAAAAAAAAAAAAAAAAAAAAAAAAAAAAAAAAAAAAAAAAAAAAAAAAAAAAAAAAAAAAAAAAAAAAAAAAAAAAAAAAAAAAAAAAAAAAAAAAAAAAAAAAAAAAAAAAAAAAAAAAAAAAAAAAAAAAAAAAAAAAAAAAAAAAAAAAAAAAAAAAAAAAAAAAAAAAAAAAAAAAAAAAAAAAAAAAAAAAAAAAAAAAAAAAAAAAAAAAAAAAAAAAAAAAAAAAAAAAAAAAAAAAAAAAAAAAAAAAAAAAAAAAAAAAAAAAAAAAAAAAAAAAAAAAAAAAAAAAAAAAAAAAAAAAAAAAAAAAAAAAAAAAAAAAAAAAAAAAAAAAAAAAAAAAAAAAAAAAAAAAAAAAAAAAAAAAAAAAAAAAAAAAAAAAAAAAAAAAAAAAAAAAAAAAAAAAAAAAAAAAAAAAAAAAAAAAAAAAAAAAAAAAAAAAAAAAAAAAAAAAAAAAAAAAAAAAAAAAAAAAAAAA/////////////////////8AAAAeAAAADgAAAA4AAAAP///////////4AA//4AAH/+AAA//gAAP/4AAAf+AAAB/gAAAP4AADB+AAA4fgAAPH4AADx+AAA8fgAAPH4AADB+AAAA/gAAAf4AAAf//////////////////////////8oAAAAEAAAACAAAAABACAAAAAAAAAEAAAAAAAAAAAAAAAAAAAAAAAAAAAAAAAAAAAAAAAAAAAAAAAAAAAAAAAAAAAAAAAAAAAAAAAAAAAAAAAAAAAAAAAAAAAAAAAAAAAAAAAAAAAAACknvwEoJ8AkKCbARSgmwEcoJsBHKCbARygmwEcoJsBHKCbARygmwEcoJsBHKCbARygmwEcoJsA3KSfACgAAAAAoJsBUKCbA3igmwPwoJsD8KCbA/CgmwPwoJsD8KCbA/CgmwPwoJsD8KCbA/CgmwPwoJsD8KCbA9SgmwJEpJ78KKCbAmygmwNQoJsDRKCbAzygmwM4oJsDOKCbAzigmwM4oJsDOKCbAzigmwM8oJsDQKCbA0CgmwNIoJsC/KCbAKigmwA8oJsASKCbAESgmwCMoJsA2KCbANigmwDYoJsA2KCbANigmwDcoJsAtKCbAEygmwBEoJsASKCbAESknwAUAAAAAAAAAACgmwDAoJsDBKCbA5SgmwOQoJsDkKCbA5CgmwOQoJsDlKCbA2SgmwGQAAAAAAAAAAAAAAAAAAAAAAAAAAAAAAAAoJsCNKCbA/ygmwP8oJsD/KCbA/ygmwP8oJsD/KCbA/ygmwP8oJsDTKSfAJSknvwYAAAAAAAAAAAAAAAAAAAAAKCbAnygmwP8oJsD/KCbA/ygmwP8oJsD/KCbA/ygmwP8oJsD/KCbA+igmwNsoJsCzKCbARSoovgEAAAAAAAAAACgmwJ8oJsD/KCbA/ygmwP8oJsD/KCbA/ygmwP8oJsD/KCbA/ygmwPQoJsC8KCbA5SgmwOMoJsBEAAAAAAAAAAAoJsCfKCbA/ygmwP8oJsD/KCbA/ygmwP8oJsD/KCbA/ygmwP8oJsDfKii/HygmwEMoJsDvKCbAqgAAAAAAAAAAKCbAnygmwP8oJsD/KCbA/ygmwP8oJsD/KCbA/ygmwP8oJsD/KCbA3yoovxwpJ8AZKCbA3SgmwMMAAAAAAAAAACgmwJ8oJsD/KCbA/ygmwP8oJsD/KCbA/ygmwP8oJsD/KCbA/ygmwOQpJ8BKKCbAhigmwPgoJsCHAAAAAAAAAAAoJsCdKCbA/ygmwP8oJsD/KCbA/ygmwP8oJsD/KCbA/ygmwP8oJsD9KCbA9SgmwPsoJsCuKSfAHAAAAAAAAAAAKCbAQigmwH8oJsB+KCbAfigmwH4oJsB+KCbAfigmwH4oJsB+KCbAfigmwH4oJsBaKSfAEgAAAAAAAAAAAAAAAAAAAAAAAAAAAAAAAAAAAAAAAAAAAAAAAAAAAAAAAAAAAAAAAAAAAAAAAAAAAAAAAAAAAAAAAAAAAAAAAAAAAAAAAAAAAAAAAAAAAAAAAAAAAAAAAAAAAAAAAAAAAAAAAAAAAAAAAAAAAAAAAAAAAAAAAAAAAAAAAP//AAD//wAAgAEAAAABAAD//wAA4B8AAMAPAADAAwAAwAEAAMAMAADADAAAwAgAAMABAAD//wAA//8AAP//AAA=
  href: 'https://landing-page-landing-page.apps.region.example.com'
  location: ApplicationMenu
  text: Quarkus Coffeeshop Landing Page
---
# Source: config-demo/templates/landing-page-is.yaml
apiVersion: image.openshift.io/v1
kind: ImageStream
metadata:
  name: landing-page
spec:
  lookupPolicy:
    local: true
  tags:
  - name: registry.access.redhat.com/ubi8/httpd-24
    importPolicy: {}
    referencePolicy:
      type: Local
---
# Source: config-demo/templates/landing-page-route.yaml
apiVersion: route.openshift.io/v1
kind: Route
metadata:
  labels:
    app: landing-page
  name: landing-page
spec:
  port:
    targetPort: 8080-tcp
  to:
    kind: Service
    name: landing-page
    weight: 100
  tls:
    termination: edge
  wildcardPolicy: None
